
Internal Server Error: /send-test-email-template/
Traceback (most recent call last):
  File "C:\Users\My Pc\AppData\Local\Programs\Python\Python313\Lib\site-packages\django\template\base.py", line 510, in parse
    compile_func = self.tags[command]
                   ~~~~~~~~~^^^^^^^^^
KeyError: 'static'

During handling of the above exception, another exception occurred:

Traceback (most recent call last):
  File "C:\Users\My Pc\AppData\Local\Programs\Python\Python313\Lib\site-packages\django\core\handlers\exception.py", line 55, in inner
    response = get_response(request)
  File "C:\Users\My Pc\AppData\Local\Programs\Python\Python313\Lib\site-packages\django\core\handlers\base.py", line 197, in _get_response
    response = wrapped_callback(request, *callback_args, **callback_kwargs)
  File "M:\PROJECT\www.copenhagenmemories.com\www.copenhagenmemories.com\Yourtourguide\views.py", line 264, in send_test_email_template
    html_content = render_to_string('email/booking_email.html', context)
  File "C:\Users\My Pc\AppData\Local\Programs\Python\Python313\Lib\site-packages\django\template\loader.py", line 61, in render_to_string
    template = get_template(template_name, using=using)
  File "C:\Users\My Pc\AppData\Local\Programs\Python\Python313\Lib\site-packages\django\template\loader.py", line 15, in get_template
    return engine.get_template(template_name)
           ~~~~~~~~~~~~~~~~~~~^^^^^^^^^^^^^^^
  File "C:\Users\My Pc\AppData\Local\Programs\Python\Python313\Lib\site-packages\django\template\backends\django.py", line 79, in get_template
    return Template(self.engine.get_template(template_name), self)
                    ~~~~~~~~~~~~~~~~~~~~~~~~^^^^^^^^^^^^^^^
  File "C:\Users\My Pc\AppData\Local\Programs\Python\Python313\Lib\site-packages\django\template\engine.py", line 177, in get_template
    template, origin = self.find_template(template_name)
                       ~~~~~~~~~~~~~~~~~~^^^^^^^^^^^^^^^
  File "C:\Users\My Pc\AppData\Local\Programs\Python\Python313\Lib\site-packages\django\template\engine.py", line 159, in find_template
    template = loader.get_template(name, skip=skip)
  File "C:\Users\My Pc\AppData\Local\Programs\Python\Python313\Lib\site-packages\django\template\loaders\cached.py", line 57, in get_template
    template = super().get_template(template_name, skip)
  File "C:\Users\My Pc\AppData\Local\Programs\Python\Python313\Lib\site-packages\django\template\loaders\base.py", line 28, in get_template
    return Template(
        contents,
    ...<2 lines>...
        self.engine,
    )
  File "C:\Users\My Pc\AppData\Local\Programs\Python\Python313\Lib\site-packages\django\template\base.py", line 154, in __init__
    self.nodelist = self.compile_nodelist()
                    ~~~~~~~~~~~~~~~~~~~~~^^
  File "C:\Users\My Pc\AppData\Local\Programs\Python\Python313\Lib\site-packages\django\template\base.py", line 196, in compile_nodelist
    nodelist = parser.parse()
  File "C:\Users\My Pc\AppData\Local\Programs\Python\Python313\Lib\site-packages\django\template\base.py", line 512, in parse
    self.invalid_block_tag(token, command, parse_until)
    ~~~~~~~~~~~~~~~~~~~~~~^^^^^^^^^^^^^^^^^^^^^^^^^^^^^
  File "C:\Users\My Pc\AppData\Local\Programs\Python\Python313\Lib\site-packages\django\template\base.py", line 577, in invalid_block_tag
    raise self.error(
    ...<3 lines>...
    )
django.template.exceptions.TemplateSyntaxError: Invalid block tag on line 10: 'static'. Did you forget to register or load this tag?
Internal Server Error: /send-test-email-template/
Traceback (most recent call last):
  File "C:\Users\My Pc\AppData\Local\Programs\Python\Python313\Lib\site-packages\django\core\handlers\exception.py", line 55, in inner
    response = get_response(request)
  File "C:\Users\My Pc\AppData\Local\Programs\Python\Python313\Lib\site-packages\django\core\handlers\base.py", line 197, in _get_response
    response = wrapped_callback(request, *callback_args, **callback_kwargs)
  File "M:\PROJECT\www.copenhagenmemories.com\www.copenhagenmemories.com\Yourtourguide\views.py", line 270, in send_test_email_template
    html_content = render_to_string('email/booking_email.html', booking)
  File "C:\Users\My Pc\AppData\Local\Programs\Python\Python313\Lib\site-packages\django\template\loader.py", line 62, in render_to_string
    return template.render(context, request)
           ~~~~~~~~~~~~~~~^^^^^^^^^^^^^^^^^^
  File "C:\Users\My Pc\AppData\Local\Programs\Python\Python313\Lib\site-packages\django\template\backends\django.py", line 103, in render
    context = make_context(
        context, request, autoescape=self.backend.engine.autoescape
    )
  File "C:\Users\My Pc\AppData\Local\Programs\Python\Python313\Lib\site-packages\django\template\context.py", line 291, in make_context
    raise TypeError(
        "context must be a dict rather than %s." % context.__class__.__name__
    )
TypeError: context must be a dict rather than Booking.
Internal Server Error: /send-test-email-template/
Traceback (most recent call last):
  File "C:\Users\My Pc\AppData\Local\Programs\Python\Python313\Lib\site-packages\django\core\handlers\exception.py", line 55, in inner
    response = get_response(request)
  File "C:\Users\My Pc\AppData\Local\Programs\Python\Python313\Lib\site-packages\django\core\handlers\base.py", line 197, in _get_response
    response = wrapped_callback(request, *callback_args, **callback_kwargs)
  File "M:\PROJECT\www.copenhagenmemories.com\www.copenhagenmemories.com\Yourtourguide\views.py", line 265, in send_test_email_template
    html_content = render_to_string('email/booking_email.html', booking)
  File "C:\Users\My Pc\AppData\Local\Programs\Python\Python313\Lib\site-packages\django\template\loader.py", line 62, in render_to_string
    return template.render(context, request)
           ~~~~~~~~~~~~~~~^^^^^^^^^^^^^^^^^^
  File "C:\Users\My Pc\AppData\Local\Programs\Python\Python313\Lib\site-packages\django\template\backends\django.py", line 103, in render
    context = make_context(
        context, request, autoescape=self.backend.engine.autoescape
    )
  File "C:\Users\My Pc\AppData\Local\Programs\Python\Python313\Lib\site-packages\django\template\context.py", line 291, in make_context
    raise TypeError(
        "context must be a dict rather than %s." % context.__class__.__name__
    )
TypeError: context must be a dict rather than Booking.
Internal Server Error: /send-test-email-template/
Traceback (most recent call last):
  File "C:\Users\My Pc\AppData\Local\Programs\Python\Python313\Lib\site-packages\django\core\handlers\exception.py", line 55, in inner
    response = get_response(request)
  File "C:\Users\My Pc\AppData\Local\Programs\Python\Python313\Lib\site-packages\django\core\handlers\base.py", line 197, in _get_response
    response = wrapped_callback(request, *callback_args, **callback_kwargs)
  File "M:\PROJECT\www.copenhagenmemories.com\www.copenhagenmemories.com\Yourtourguide\views.py", line 265, in send_test_email_template
    html_content = render_to_string('email/booking_email.html', booking)
  File "C:\Users\My Pc\AppData\Local\Programs\Python\Python313\Lib\site-packages\django\template\loader.py", line 62, in render_to_string
    return template.render(context, request)
           ~~~~~~~~~~~~~~~^^^^^^^^^^^^^^^^^^
  File "C:\Users\My Pc\AppData\Local\Programs\Python\Python313\Lib\site-packages\django\template\backends\django.py", line 103, in render
    context = make_context(
        context, request, autoescape=self.backend.engine.autoescape
    )
  File "C:\Users\My Pc\AppData\Local\Programs\Python\Python313\Lib\site-packages\django\template\context.py", line 291, in make_context
    raise TypeError(
        "context must be a dict rather than %s." % context.__class__.__name__
    )
TypeError: context must be a dict rather than Booking.
Internal Server Error: /send-test-email-template/
Traceback (most recent call last):
  File "C:\Users\My Pc\AppData\Local\Programs\Python\Python313\Lib\site-packages\django\core\handlers\exception.py", line 55, in inner
    response = get_response(request)
  File "C:\Users\My Pc\AppData\Local\Programs\Python\Python313\Lib\site-packages\django\core\handlers\base.py", line 197, in _get_response
    response = wrapped_callback(request, *callback_args, **callback_kwargs)
  File "M:\PROJECT\www.copenhagenmemories.com\www.copenhagenmemories.com\Yourtourguide\views.py", line 266, in send_test_email_template
    html_content = render_to_string('email/booking_email.html', booking)
  File "C:\Users\My Pc\AppData\Local\Programs\Python\Python313\Lib\site-packages\django\template\loader.py", line 62, in render_to_string
    return template.render(context, request)
           ~~~~~~~~~~~~~~~^^^^^^^^^^^^^^^^^^
  File "C:\Users\My Pc\AppData\Local\Programs\Python\Python313\Lib\site-packages\django\template\backends\django.py", line 103, in render
    context = make_context(
        context, request, autoescape=self.backend.engine.autoescape
    )
  File "C:\Users\My Pc\AppData\Local\Programs\Python\Python313\Lib\site-packages\django\template\context.py", line 291, in make_context
    raise TypeError(
        "context must be a dict rather than %s." % context.__class__.__name__
    )
TypeError: context must be a dict rather than Booking.
